// Jest Snapshot v1, https://goo.gl/fbAQLP

exports[`AccordionGroup component should render component with info styles if color is not defined 1`] = `
[
  ".wrapper-0-2-1 {
  gap: 16px;
  width: 100%;
  display: grid;
}",
  <div>
    <div
      class=" wrapper-0-2-1 AccordionGroup-gaya"
    />
  </div>,
]
`;
