// Jest Snapshot v1, https://goo.gl/fbAQLP

exports[`AppBarTop component should render correctly with default props 1`] = `
[
  ".container-0-2-1 {}
.appBar-0-2-2 {
  flex: auto;
  width: auto;
  display: flex;
  padding: 4px 8px;
  font-size: 20px;
  box-sizing: border-box;
  min-height: 56px;
  align-items: center;
  font-family: Roboto, Arial;
  font-weight: 500;
  line-height: 1.25;
  flex-direction: row;
  letter-spacing: 0.24px;
  justify-content: space-between;
}
.container-d0-0-2-3 {
  top: 0;
  left: 0;
  width: 100%;
  z-index: 1100;
  position: fixed;
}
.appBar-d1-0-2-4 {
  background-color: #ffffff;
  box-shadow: 0 2px 2px 0 rgba(0, 0, 0, 0.14);
  color: #363636;
}",
  <div>
    <header
      class=" container-0-2-1 container-d0-0-2-3 AppBarTop-gaya"
    >
      <div
        class="appBar-0-2-2 appBar-d1-0-2-4"
      >
        app bar
      </div>
    </header>
  </div>,
]
`;

exports[`AppBarTop component should render correctly with inverse color variant 1`] = `
[
  ".container-0-2-1 {}
.appBar-0-2-2 {
  flex: auto;
  width: auto;
  display: flex;
  padding: 4px 8px;
  font-size: 20px;
  box-sizing: border-box;
  min-height: 56px;
  align-items: center;
  font-family: Roboto, Arial;
  font-weight: 500;
  line-height: 1.25;
  flex-direction: row;
  letter-spacing: 0.24px;
  justify-content: space-between;
}
.container-d0-0-2-3 {
  top: 0;
  left: 0;
  width: 100%;
  z-index: 1100;
  position: fixed;
}
.appBar-d1-0-2-4 {
  background-color: #363636;
  box-shadow: 0 2px 2px 0 rgba(0, 0, 0, 0.14);
  color: #ffffff;
}",
  <div>
    <header
      class=" container-0-2-1 container-d0-0-2-3 AppBarTop-gaya"
    >
      <div
        class="appBar-0-2-2 appBar-d1-0-2-4"
      >
        app bar
      </div>
    </header>
  </div>,
]
`;

exports[`AppBarTop component should render correctly with none color variant 1`] = `
[
  ".container-0-2-1 {}
.appBar-0-2-2 {
  flex: auto;
  width: auto;
  display: flex;
  padding: 4px 8px;
  font-size: 20px;
  box-sizing: border-box;
  min-height: 56px;
  align-items: center;
  font-family: Roboto, Arial;
  font-weight: 500;
  line-height: 1.25;
  flex-direction: row;
  letter-spacing: 0.24px;
  justify-content: space-between;
}
.container-d0-0-2-3 {
  top: 0;
  left: 0;
  width: 100%;
  z-index: 1100;
  position: fixed;
}
.appBar-d1-0-2-4 {
  background-color: transparent;
  box-shadow: 0 2px 2px 0 rgba(0, 0, 0, 0.14);
  color: #111111;
}",
  <div>
    <header
      class=" container-0-2-1 container-d0-0-2-3 AppBarTop-gaya"
    >
      <div
        class="appBar-0-2-2 appBar-d1-0-2-4"
      >
        app bar
      </div>
    </header>
  </div>,
]
`;

exports[`AppBarTop component should render correctly with primary color variant 1`] = `
[
  ".container-0-2-1 {}
.appBar-0-2-2 {
  flex: auto;
  width: auto;
  display: flex;
  padding: 4px 8px;
  font-size: 20px;
  box-sizing: border-box;
  min-height: 56px;
  align-items: center;
  font-family: Roboto, Arial;
  font-weight: 500;
  line-height: 1.25;
  flex-direction: row;
  letter-spacing: 0.24px;
  justify-content: space-between;
}
.container-d0-0-2-3 {
  top: 0;
  left: 0;
  width: 100%;
  z-index: 1100;
  position: fixed;
}
.appBar-d1-0-2-4 {
  background-color: #f4ab34;
  box-shadow: 0 2px 2px 0 rgba(0, 0, 0, 0.14);
  color: #333333;
}",
  <div>
    <header
      class=" container-0-2-1 container-d0-0-2-3 AppBarTop-gaya"
    >
      <div
        class="appBar-0-2-2 appBar-d1-0-2-4"
      >
        app bar
      </div>
    </header>
  </div>,
]
`;

exports[`AppBarTop component should render correctly without elevation 1`] = `
[
  ".container-0-2-1 {}
.appBar-0-2-2 {
  flex: auto;
  width: auto;
  display: flex;
  padding: 4px 8px;
  font-size: 20px;
  box-sizing: border-box;
  min-height: 56px;
  align-items: center;
  font-family: Roboto, Arial;
  font-weight: 500;
  line-height: 1.25;
  flex-direction: row;
  letter-spacing: 0.24px;
  justify-content: space-between;
}
.container-d0-0-2-3 {
  top: 0;
  left: 0;
  width: 100%;
  z-index: 1100;
  position: fixed;
}
.appBar-d1-0-2-4 {
  background-color: #ffffff;
  box-shadow: none;
  color: #363636;
}",
  <div>
    <header
      class=" container-0-2-1 container-d0-0-2-3 AppBarTop-gaya"
    >
      <div
        class="appBar-0-2-2 appBar-d1-0-2-4"
      >
        app bar
      </div>
    </header>
  </div>,
]
`;
