// Jest Snapshot v1, https://goo.gl/fbAQLP

exports[`Drawer component should render correctly with default props 1`] = `
[
  ".overlayContainer-0-2-1 {}
.drawer-0-2-2 {}
.overlayContainer-d0-0-2-3 {
  top: 0;
  left: 0;
  width: 100%;
  height: 100%;
  opacity: 0.56;
  z-index: 1199;
  overflow: hidden;
  position: fixed;
  background-color: #111111;
}
.drawer-d1-0-2-4 {
  top: 0;
  left: -256px;
  color: #363636;
  width: 256px;
  height: 100%;
  display: flex;
  z-index: 1200;
  overflow: hidden;
  position: absolute;
  flex-flow: column nowrap;
  transform: translateX(256px);
  box-shadow: 0 3px 4px 0 rgba(0, 0, 0, 0.14);
  transition: 0.3s ease-in-out;
  justify-content: space-between;
  background-color: #ffffff;
}",
  <div>
    <div
      class=" drawer-0-2-2 drawer-d1-0-2-4 Drawer-gaya"
      open=""
    >
      something
    </div>
    <div
      class="overlayContainer-0-2-1 overlayContainer-d0-0-2-3"
    />
  </div>,
]
`;

exports[`Drawer component should render correctly with size large 1`] = `
[
  ".overlayContainer-0-2-1 {}
.drawer-0-2-2 {}
.overlayContainer-d0-0-2-3 {
  top: 0;
  left: 0;
  width: 100%;
  height: 100%;
  opacity: 0.56;
  z-index: 1199;
  overflow: hidden;
  position: fixed;
  background-color: #111111;
}
.drawer-d1-0-2-4 {
  top: 0;
  left: -600px;
  color: #363636;
  width: 600px;
  height: 100%;
  display: flex;
  z-index: 1200;
  overflow: hidden;
  position: absolute;
  flex-flow: column nowrap;
  transform: translateX(600px);
  box-shadow: 0 3px 4px 0 rgba(0, 0, 0, 0.14);
  transition: 0.3s ease-in-out;
  justify-content: space-between;
  background-color: #ffffff;
}",
  <div>
    <div
      class=" drawer-0-2-2 drawer-d1-0-2-4 Drawer-gaya"
      open=""
    >
      something
    </div>
    <div
      class="overlayContainer-0-2-1 overlayContainer-d0-0-2-3"
    />
  </div>,
]
`;

exports[`Drawer component should render correctly with size medium 1`] = `
[
  ".overlayContainer-0-2-1 {}
.drawer-0-2-2 {}
.overlayContainer-d0-0-2-3 {
  top: 0;
  left: 0;
  width: 100%;
  height: 100%;
  opacity: 0.56;
  z-index: 1199;
  overflow: hidden;
  position: fixed;
  background-color: #111111;
}
.drawer-d1-0-2-4 {
  top: 0;
  left: -375px;
  color: #363636;
  width: 375px;
  height: 100%;
  display: flex;
  z-index: 1200;
  overflow: hidden;
  position: absolute;
  flex-flow: column nowrap;
  transform: translateX(375px);
  box-shadow: 0 3px 4px 0 rgba(0, 0, 0, 0.14);
  transition: 0.3s ease-in-out;
  justify-content: space-between;
  background-color: #ffffff;
}",
  <div>
    <div
      class=" drawer-0-2-2 drawer-d1-0-2-4 Drawer-gaya"
      open=""
    >
      something
    </div>
    <div
      class="overlayContainer-0-2-1 overlayContainer-d0-0-2-3"
    />
  </div>,
]
`;
