// Jest Snapshot v1, https://goo.gl/fbAQLP

exports[`AccordionItem component should render component with regular style as default 1`] = `
[
  ".wrapper-0-2-1 {
  flex: 1;
  display: flex;
  background: #ffffff;
  font-family: Roboto;
  flex-direction: column;
}
.header-0-2-2 {}
.legend-0-2-3 {}
.content-0-2-4 {
  padding: 16px 24px;
  min-height: 40px;
  font-weight: 400;
}
.wrapper-d0-0-2-5 {
  color: #363636;
  pointer-events: auto;
}
.header-d1-0-2-6 {
  flex: 1;
  color: #737373;
  display: flex;
  padding: 16px 24px;
  position: relative;
  background: #ffffff;
  flex-direction: column;
}
.header-d1-0-2-6 > div {
  display: flex;
  align-items: center;
  font-weight: 500;
  justify-content: space-between;
}
.header-d1-0-2-6 > span {
  font-size: 13px;
  margin-top: 16px;
}
.header-d1-0-2-6:before {}
.header-d1-0-2-6:active:after {
  top: 0;
  left: 0;
  right: 0;
  bottom: 0;
  content: " ";
  opacity: 0.08;
  position: absolute;
  background-color: #111111;
}
.header-d1-0-2-6:hover {
  cursor: pointer;
}
.header-d1-0-2-6:hover:before {
  top: 0;
  left: 0;
  right: 0;
  bottom: 0;
  content: " ";
  opacity: 0.04;
  position: absolute;
  background-color: #111111;
}
.legend-d2-0-2-7 {
  color: #737373;
}
.icon-0-2-8 {
  font-family: natds-icons;
  user-select: none;
  pointer-events: none;
}
.icon-d0-0-2-9 {
  color: #f4ab34;
  font-size: 24px;
}",
  <div>
    <div
      class=" wrapper-0-2-1 wrapper-d0-0-2-5 AccordionItem-gaya"
    >
      <div
        class="header-0-2-2 header-d1-0-2-6"
      >
        <div>
          Lorem
          <i
            aria-hidden="true"
            class=" icon-0-2-8 icon-d0-0-2-9 natds-icons natds-icons-outlined-navigation-arrowbottom Icon-gaya"
            data-testid="icon-outlined-navigation-arrowbottom"
            role="img"
          />
        </div>
      </div>
    </div>
  </div>,
]
`;
